*****************************************************************
      SolidWorks Corporation - IGES Processor Status Report
*****************************************************************
=================================================================
General Information
=================================================================
Sending System Product I.D.  : ParaLogix v2.5 (Apr 29 2010)
Receiving System Product I.D.: ParaLogix v2.5 (Apr 29 2010)
File Name                    : G:\Engineering\Warner Robbins\TT90-F REV U TRAILER\Test Procedure\Horizontal Load Test\horz ld tst anchor.igs
Sending System               : Edgecam Part Modeler 2010 R2 (Apr 29 2010 11:09:23 Unicode)
Preprocessor Version         : A3DS IGES v2.5 (Apr 29 2010)
File Creation Date           : 20110214.154113
Model Creation Date          : 
Units                        : IN
Model Space Scale            : 1
Author                       : 
Organization                 : 


=================================================================
Entity Processing Information
=================================================================


=================================================================
Precision analysis of IGES file:
=================================================================
  Most prevalent number of significant digits:              14
  Highest number of significant digits:                     14
  Average number of significant digits:                13.7049
  Maximum distance to origin:                          5.67196
  Minimum distance to origin:                          4.75025
  Effective number of significant digits:              12.9466


=================================================================
Entity Summary
=================================================================
-----------------------------------------------------------------
Type Name                                         Count Converted
---- ----                                         ----- ---------
100  Arc                                            612       612
102  Composite curve                                816       816
104  Conic arc                                       24        24
110  Line                                           990       990
112  Parametric spline curve                         86        86
124  Transformation matrix                          636       636
126  Rational B-spline curve                       1782      1782
128  Rational B-spline surface                      349       349
142  Curve on a parametric surface                  408       408
144  Trimmed parametric surface                     349       349
308  Subfigure definition                            10        10
408  Singular subfigure instance                     10        10
_________________________________________________________________


=================================================================
Result Summary
=================================================================
SolidWorks Feature Type                Count
-----------------------                -----
Solid feature(s)                       10
Surface feature(s)                     0
Curve/Sketch feature(s)                0
--------------------------------------------
Start time: Monday, February 14, 2011 15:51:54
Finish time: Monday, February 14, 2011 15:52:31
Processing time: 0 days, 00 hours, 00 mins, 37 secs
