*****************************************************************
      SolidWorks Corporation - IGES Processor Status Report
*****************************************************************
=================================================================
General Information
=================================================================
Sending System Product I.D.  : ParaLogix v2.5 (Apr 29 2010)
Receiving System Product I.D.: ParaLogix v2.5 (Apr 29 2010)
File Name                    : G:\Engineering\Warner Robbins\TT90-F REV U TRAILER\CELL LAYOUT\killark box.igs
Sending System               : Edgecam Part Modeler 2010 R2 (Apr 29 2010 11:09:23 Unicode)
Preprocessor Version         : A3DS IGES v2.5 (Apr 29 2010)
File Creation Date           : 20110429.093237
Model Creation Date          : 
Units                        : IN
Model Space Scale            : 1
Author                       : 
Organization                 : 


=================================================================
Entity Processing Information
=================================================================


=================================================================
Precision analysis of IGES file:
=================================================================
  Most prevalent number of significant digits:              14
  Highest number of significant digits:                     14
  Average number of significant digits:                13.8966
  Maximum distance to origin:                           13.922
  Minimum distance to origin:                     2.15678e-015
  Effective number of significant digits:                   14


=================================================================
Entity Summary
=================================================================
-----------------------------------------------------------------
Type Name                                         Count Converted
---- ----                                         ----- ---------
100  Arc                                           1661      1661
102  Composite curve                               1828      1828
104  Conic arc                                      168       168
110  Line                                          1751      1751
112  Parametric spline curve                        319       319
124  Transformation matrix                         1829      1829
126  Rational B-spline curve                       3966      3966
128  Rational B-spline surface                      783       783
142  Curve on a parametric surface                  914       914
144  Trimmed parametric surface                     783       783
308  Subfigure definition                             2         2
408  Singular subfigure instance                      2         2
_________________________________________________________________


=================================================================
Result Summary
=================================================================
SolidWorks Feature Type                Count
-----------------------                -----
Solid feature(s)                       1
Surface feature(s)                     1
Curve/Sketch feature(s)                0
--------------------------------------------
Start time: Friday, April 29, 2011 09:33:23
Finish time: Friday, April 29, 2011 09:34:08
Processing time: 0 days, 00 hours, 00 mins, 45 secs
