*****************************************************************
      SolidWorks Corporation - IGES Processor Status Report
*****************************************************************
=================================================================
General Information
=================================================================
Sending System Product I.D.  : ParaLogix v2.5 (Apr 23 2009)
Receiving System Product I.D.: ParaLogix v2.5 (Apr 23 2009)
File Name                    : G:\Engineering\Warner Robbins\TT90-F REV U TRAILER\Test Procedure\USA0006-1392 VERTICAL LOAD TEST FIXTURE.igs
Sending System               : Edgecam Part Modeler 2009 R2 (Apr 23 2009 20:54:24 Unicode)
Preprocessor Version         : A3DS IGES v2.5 (Apr 23 2009)
File Creation Date           : 20090729.151615
Model Creation Date          : 
Units                        : IN
Model Space Scale            : 1
Author                       : 
Organization                 : 


=================================================================
Entity Processing Information
=================================================================


=================================================================
Precision analysis of IGES file:
=================================================================
  Most prevalent number of significant digits:              14
  Highest number of significant digits:                     14
  Average number of significant digits:                13.8714
  Maximum distance to origin:                          41.4452
  Minimum distance to origin:                           31.375
  Effective number of significant digits:              13.1408


=================================================================
Entity Summary
=================================================================
-----------------------------------------------------------------
Type Name                                         Count Converted
---- ----                                         ----- ---------
100  Arc                                           1480      1480
102  Composite curve                               1670      1670
104  Conic arc                                       24        24
110  Line                                          1650      1650
112  Parametric spline curve                        152       152
124  Transformation matrix                         1506      1506
126  Rational B-spline curve                       3338      3338
128  Rational B-spline surface                      712       712
142  Curve on a parametric surface                  845       845
144  Trimmed parametric surface                     712       712
308  Subfigure definition                            54        54
408  Singular subfigure instance                     54        54
_________________________________________________________________


=================================================================
Result Summary
=================================================================
SolidWorks Feature Type                Count
-----------------------                -----
Solid feature(s)                       54
Surface feature(s)                     0
Curve/Sketch feature(s)                0
--------------------------------------------
Start time: Wednesday, March 30, 2011 15:10:17
Finish time: Wednesday, March 30, 2011 15:15:10
Processing time: 0 days, 00 hours, 04 mins, 53 secs
