*****************************************************************
      SolidWorks Corporation - IGES Processor Status Report
*****************************************************************
=================================================================
General Information
=================================================================
Sending System Product I.D.  : ParaLogix v2.5 (May  6 2014)
Receiving System Product I.D.: ParaLogix v2.5 (May  6 2014)
File Name                    : G:\Engineering\Warner Robbins\TT90-F REV U TRAILER\PART MODLER CONVERSIONS TO IGES\USA0006-1389 MILL HOLD-DOWN ASSY.igs
Sending System               : Part Modeler 2014 R2 (May 06 2014 14:31:26 Unicode)
Preprocessor Version         : A3DS IGES v2.5 (May  6 2014)
File Creation Date           : 20150326.145128
Model Creation Date          : 
Units                        : IN
Model Space Scale            : 1
Author                       : 
Organization                 : 


=================================================================
Entity Processing Information
=================================================================
WARNING: DE# 30393, TYPE   144: Error repaired by using 3D trim curves.


=================================================================
Precision analysis of IGES file:
=================================================================
  Most prevalent number of significant digits:              14
  Highest number of significant digits:                     14
  Average number of significant digits:                13.8871
  Maximum distance to origin:                          4.66963
  Minimum distance to origin:                          3.96912
  Effective number of significant digits:               12.909


=================================================================
Entity Summary
=================================================================
-----------------------------------------------------------------
Type Name                                         Count Converted
---- ----                                         ----- ---------
100  Arc                                           2622      2622
102  Composite curve                               3276      3276
104  Conic arc                                       24        24
110  Line                                          2796      2796
112  Parametric spline curve                       2224      2224
124  Transformation matrix                         2638      2638
126  Rational B-spline curve                       8594      8594
128  Rational B-spline surface                     1457      1457
142  Curve on a parametric surface                 1638      1638
144  Trimmed parametric surface                    1457      1457
308  Subfigure definition                            33        33
408  Singular subfigure instance                     33        33
_________________________________________________________________


=================================================================
Result Summary
=================================================================
SolidWorks Feature Type                Count
-----------------------                -----
Solid feature(s)                       33
Surface feature(s)                     0
Curve/Sketch feature(s)                0
--------------------------------------------
Start time: Thursday, March 26, 2015 14:53:35
Finish time: Thursday, March 26, 2015 14:56:05
Processing time: 0 days, 00 hours, 02 mins, 30 secs
