*****************************************************************
      SolidWorks Corporation - IGES Processor Status Report
*****************************************************************
=================================================================
General Information
=================================================================
Sending System Product I.D.  : ParaLogix v2.5 (May  6 2014)
Receiving System Product I.D.: ParaLogix v2.5 (May  6 2014)
File Name                    : G:\Engineering\Warner Robbins\TT90-F REV U TRAILER\PART MODLER CONVERSIONS TO IGES\USA0006-1512 HEP HYD TUBE BUILD FIXTURE.igs
Sending System               : Part Modeler 2014 R2 (May 06 2014 14:31:26 Unicode)
Preprocessor Version         : A3DS IGES v2.5 (May  6 2014)
File Creation Date           : 20150326.152028
Model Creation Date          : 
Units                        : IN
Model Space Scale            : 1
Author                       : 
Organization                 : 


=================================================================
Entity Processing Information
=================================================================


=================================================================
Precision analysis of IGES file:
=================================================================
  Most prevalent number of significant digits:              14
  Highest number of significant digits:                     14
  Average number of significant digits:                13.8287
  Maximum distance to origin:                          11.9449
  Minimum distance to origin:                           2.9375
  Effective number of significant digits:              13.7819


=================================================================
Entity Summary
=================================================================
-----------------------------------------------------------------
Type Name                                         Count Converted
---- ----                                         ----- ---------
100  Arc                                            564       564
102  Composite curve                                786       786
104  Conic arc                                       44        44
110  Line                                           914       914
112  Parametric spline curve                         28        28
124  Transformation matrix                          608       608
126  Rational B-spline curve                       1550      1550
128  Rational B-spline surface                      287       287
142  Curve on a parametric surface                  393       393
144  Trimmed parametric surface                     287       287
308  Subfigure definition                            17        17
408  Singular subfigure instance                     17        17
_________________________________________________________________


=================================================================
Result Summary
=================================================================
SolidWorks Feature Type                Count
-----------------------                -----
Solid feature(s)                       17
Surface feature(s)                     0
Curve/Sketch feature(s)                0
--------------------------------------------
Start time: Thursday, March 26, 2015 15:20:43
Finish time: Thursday, March 26, 2015 15:20:59
Processing time: 0 days, 00 hours, 00 mins, 16 secs
