*****************************************************************
      SolidWorks Corporation - IGES Processor Status Report
*****************************************************************
=================================================================
General Information
=================================================================
Sending System Product I.D.  : ParaLogix v2.5 (May  6 2014)
Receiving System Product I.D.: ParaLogix v2.5 (May  6 2014)
File Name                    : G:\Engineering\Warner Robbins\TT90-F REV U TRAILER\PART MODLER CONVERSIONS TO IGES\USA0006-1507.igs
Sending System               : Part Modeler 2014 R2 (May 06 2014 14:31:26 Unicode)
Preprocessor Version         : A3DS IGES v2.5 (May  6 2014)
File Creation Date           : 20150326.110907
Model Creation Date          : 
Units                        : IN
Model Space Scale            : 1
Author                       : 
Organization                 : 


=================================================================
Entity Processing Information
=================================================================


=================================================================
Precision analysis of IGES file:
=================================================================
  Most prevalent number of significant digits:              14
  Highest number of significant digits:                     14
  Average number of significant digits:                13.7143
  Maximum distance to origin:                           4.1003
  Minimum distance to origin:                          1.34629
  Effective number of significant digits:              13.7038


=================================================================
Entity Summary
=================================================================
-----------------------------------------------------------------
Type Name                                         Count Converted
---- ----                                         ----- ---------
100  Arc                                             40        40
102  Composite curve                                124       124
110  Line                                           188       188
124  Transformation matrix                           40        40
126  Rational B-spline curve                        228       228
128  Rational B-spline surface                       52        52
142  Curve on a parametric surface                   62        62
144  Trimmed parametric surface                      52        52
308  Subfigure definition                             7         7
408  Singular subfigure instance                      7         7
_________________________________________________________________


=================================================================
Result Summary
=================================================================
SolidWorks Feature Type                Count
-----------------------                -----
Solid feature(s)                       7
Surface feature(s)                     0
Curve/Sketch feature(s)                0
--------------------------------------------
Start time: Thursday, March 26, 2015 11:09:14
Finish time: Thursday, March 26, 2015 11:09:23
Processing time: 0 days, 00 hours, 00 mins, 09 secs
