*****************************************************************
      SolidWorks Corporation - IGES Processor Status Report
*****************************************************************
=================================================================
General Information
=================================================================
Sending System Product I.D.  : ParaLogix v2.5 (May  6 2014)
Receiving System Product I.D.: ParaLogix v2.5 (May  6 2014)
File Name                    : G:\Engineering\Warner Robbins\TT90-F REV U TRAILER\PART MODLER CONVERSIONS TO IGES\USA0006-1402_REV_A  RAIL MT WELD FIXTURE WITH 6 INCH RAILS.igs
Sending System               : Part Modeler 2014 R2 (May 06 2014 14:31:26 Unicode)
Preprocessor Version         : A3DS IGES v2.5 (May  6 2014)
File Creation Date           : 20150326.151348
Model Creation Date          : 
Units                        : IN
Model Space Scale            : 1
Author                       : 
Organization                 : 


=================================================================
Entity Processing Information
=================================================================


=================================================================
Precision analysis of IGES file:
=================================================================
  Most prevalent number of significant digits:              14
  Highest number of significant digits:                     14
  Average number of significant digits:                13.8272
  Maximum distance to origin:                          121.281
  Minimum distance to origin:                          114.624
  Effective number of significant digits:              12.4505


=================================================================
Entity Summary
=================================================================
-----------------------------------------------------------------
Type Name                                         Count Converted
---- ----                                         ----- ---------
100  Arc                                            256       256
102  Composite curve                                432       432
104  Conic arc                                       64        64
110  Line                                           641       641
124  Transformation matrix                          321       321
126  Rational B-spline curve                        960       960
128  Rational B-spline surface                      178       178
142  Curve on a parametric surface                  216       216
144  Trimmed parametric surface                     178       178
308  Subfigure definition                             9         9
408  Singular subfigure instance                      9         9
_________________________________________________________________


=================================================================
Result Summary
=================================================================
SolidWorks Feature Type                Count
-----------------------                -----
Solid feature(s)                       9
Surface feature(s)                     0
Curve/Sketch feature(s)                0
--------------------------------------------
Start time: Thursday, March 26, 2015 15:14:02
Finish time: Thursday, March 26, 2015 15:14:10
Processing time: 0 days, 00 hours, 00 mins, 08 secs
