*****************************************************************
      SolidWorks Corporation - IGES Processor Status Report
*****************************************************************
=================================================================
General Information
=================================================================
Sending System Product I.D.  : ParaLogix v2.5 (May  6 2014)
Receiving System Product I.D.: ParaLogix v2.5 (May  6 2014)
File Name                    : G:\Engineering\Warner Robbins\TT90-F REV U TRAILER\PART MODLER CONVERSIONS TO IGES\USA0006-1509 STRAP MOUNT - PENDENT STORAGE RACK.igs
Sending System               : Part Modeler 2014 R2 (May 06 2014 14:31:26 Unicode)
Preprocessor Version         : A3DS IGES v2.5 (May  6 2014)
File Creation Date           : 20150326.111016
Model Creation Date          : 
Units                        : IN
Model Space Scale            : 1
Author                       : 
Organization                 : 


=================================================================
Entity Processing Information
=================================================================


=================================================================
Precision analysis of IGES file:
=================================================================
  Most prevalent number of significant digits:              14
  Highest number of significant digits:                     14
  Average number of significant digits:                13.8812
  Maximum distance to origin:                          1.22281
  Minimum distance to origin:                           0.2475
  Effective number of significant digits:              13.8217


=================================================================
Entity Summary
=================================================================
-----------------------------------------------------------------
Type Name                                         Count Converted
---- ----                                         ----- ---------
100  Arc                                             64        64
102  Composite curve                                 94        94
110  Line                                           122       122
124  Transformation matrix                           64        64
126  Rational B-spline curve                        190       190
128  Rational B-spline surface                       39        39
142  Curve on a parametric surface                   47        47
144  Trimmed parametric surface                      39        39
308  Subfigure definition                             2         2
408  Singular subfigure instance                      2         2
_________________________________________________________________


=================================================================
Result Summary
=================================================================
SolidWorks Feature Type                Count
-----------------------                -----
Solid feature(s)                       2
Surface feature(s)                     0
Curve/Sketch feature(s)                0
--------------------------------------------
Start time: Thursday, March 26, 2015 11:10:22
Finish time: Thursday, March 26, 2015 11:10:37
Processing time: 0 days, 00 hours, 00 mins, 15 secs
