*****************************************************************
      SolidWorks Corporation - IGES Processor Status Report
*****************************************************************
=================================================================
General Information
=================================================================
Sending System Product I.D.  : ParaLogix v2.5 (Oct 19 2011)
Receiving System Product I.D.: ParaLogix v2.5 (Oct 19 2011)
File Name                    : C:\Users\SteveSchmidt\Desktop\USA0006-1401 NEW DESIGN ASSY.igs
Sending System               : Part Modeler 2012 R1 (Oct 19 2011 15:26:43 Unicode)
Preprocessor Version         : A3DS IGES v2.5 (Oct 19 2011)
File Creation Date           : 20131004.092352
Model Creation Date          : 
Units                        : IN
Model Space Scale            : 1
Author                       : 
Organization                 : 


=================================================================
Entity Processing Information
=================================================================


=================================================================
Precision analysis of IGES file:
=================================================================
  Most prevalent number of significant digits:              14
  Highest number of significant digits:                     14
  Average number of significant digits:                13.9314
  Maximum distance to origin:                          72.4075
  Minimum distance to origin:                          70.9554
  Effective number of significant digits:              12.0056


=================================================================
Entity Summary
=================================================================
-----------------------------------------------------------------
Type Name                                         Count Converted
---- ----                                         ----- ---------
100  Arc                                            768       768
102  Composite curve                                944       944
110  Line                                           792       792
112  Parametric spline curve                         16        16
124  Transformation matrix                          768       768
126  Rational B-spline curve                       1656      1656
128  Rational B-spline surface                      332       332
142  Curve on a parametric surface                  472       472
144  Trimmed parametric surface                     332       332
308  Subfigure definition                             8         8
408  Singular subfigure instance                      8         8
_________________________________________________________________


=================================================================
Result Summary
=================================================================
SolidWorks Feature Type                Count
-----------------------                -----
Solid feature(s)                       8
Surface feature(s)                     0
Curve/Sketch feature(s)                0
--------------------------------------------
Start time: Friday, October 04, 2013 09:24:14
Finish time: Friday, October 04, 2013 09:24:38
Processing time: 0 days, 00 hours, 00 mins, 24 secs
