*****************************************************************
      SolidWorks Corporation - IGES Processor Status Report
*****************************************************************
=================================================================
General Information
=================================================================
Sending System Product I.D.  : ParaLogix v2.5 (May  6 2014)
Receiving System Product I.D.: ParaLogix v2.5 (May  6 2014)
File Name                    : G:\Engineering\Warner Robbins\TT90-F REV U TRAILER\PART MODLER CONVERSIONS TO IGES\USA0006-1505  BRG INSTALL TOOL FOR 7100.igs
Sending System               : Part Modeler 2014 R2 (May 06 2014 14:31:26 Unicode)
Preprocessor Version         : A3DS IGES v2.5 (May  6 2014)
File Creation Date           : 20150326.143236
Model Creation Date          : 
Units                        : IN
Model Space Scale            : 1
Author                       : 
Organization                 : 


=================================================================
Entity Processing Information
=================================================================


=================================================================
Precision analysis of IGES file:
=================================================================
  Most prevalent number of significant digits:              14
  Highest number of significant digits:                     14
  Average number of significant digits:                13.9364
  Maximum distance to origin:                          3.08434
  Minimum distance to origin:                         0.374635
  Effective number of significant digits:               13.894


=================================================================
Entity Summary
=================================================================
-----------------------------------------------------------------
Type Name                                         Count Converted
---- ----                                         ----- ---------
100  Arc                                            172       172
102  Composite curve                                128       128
110  Line                                            47        47
124  Transformation matrix                          164       164
126  Rational B-spline curve                        216       216
128  Rational B-spline surface                       53        53
142  Curve on a parametric surface                   64        64
144  Trimmed parametric surface                      53        53
308  Subfigure definition                             5         5
408  Singular subfigure instance                      5         5
_________________________________________________________________


=================================================================
Result Summary
=================================================================
SolidWorks Feature Type                Count
-----------------------                -----
Solid feature(s)                       5
Surface feature(s)                     0
Curve/Sketch feature(s)                0
--------------------------------------------
Start time: Thursday, March 26, 2015 14:33:11
Finish time: Thursday, March 26, 2015 14:33:24
Processing time: 0 days, 00 hours, 00 mins, 13 secs
