*****************************************************************
      SolidWorks Corporation - IGES Processor Status Report
*****************************************************************
=================================================================
General Information
=================================================================
Sending System Product I.D.  : ParaLogix v2.5 (May  6 2014)
Receiving System Product I.D.: ParaLogix v2.5 (May  6 2014)
File Name                    : G:\Engineering\Warner Robbins\TT90-F REV U TRAILER\PART MODLER CONVERSIONS TO IGES\VERTICAL TEST FIGURE 1.igs
Sending System               : Part Modeler 2014 R2 (May 06 2014 14:31:26 Unicode)
Preprocessor Version         : A3DS IGES v2.5 (May  6 2014)
File Creation Date           : 20150326.134828
Model Creation Date          : 
Units                        : IN
Model Space Scale            : 1
Author                       : 
Organization                 : 


=================================================================
Entity Processing Information
=================================================================
ERROR:   DE#    15, TYPE   104: Problem encountered in converting conic section to bspline.
ERROR:   DE#    19, TYPE   104: Problem encountered in converting conic section to bspline.
ERROR:   DE#    21, TYPE   104: Problem encountered in converting conic section to bspline.
ERROR:   DE#    23, TYPE   104: Problem encountered in converting conic section to bspline.
ERROR:   DE#    25, TYPE   104: Problem encountered in converting conic section to bspline.
ERROR:   DE#    41, TYPE   104: Problem encountered in converting conic section to bspline.
ERROR:   DE#    49, TYPE   104: Problem encountered in converting conic section to bspline.
ERROR:   DE#    51, TYPE   104: Problem encountered in converting conic section to bspline.
ERROR:   DE#    53, TYPE   104: Problem encountered in converting conic section to bspline.
ERROR:   DE#    55, TYPE   104: Problem encountered in converting conic section to bspline.
ERROR:   DE#    57, TYPE   104: Problem encountered in converting conic section to bspline.
ERROR:   DE#    59, TYPE   104: Problem encountered in converting conic section to bspline.
ERROR:   DE#    61, TYPE   104: Problem encountered in converting conic section to bspline.
ERROR:   DE#    63, TYPE   104: Problem encountered in converting conic section to bspline.
ERROR:   DE#    65, TYPE   104: Problem encountered in converting conic section to bspline.
ERROR:   DE#    67, TYPE   104: Problem encountered in converting conic section to bspline.
ERROR:   DE#    83, TYPE   104: Problem encountered in converting conic section to bspline.
ERROR:   DE#    87, TYPE   104: Problem encountered in converting conic section to bspline.
ERROR:   DE#    89, TYPE   104: Problem encountered in converting conic section to bspline.
ERROR:   DE#    91, TYPE   104: Problem encountered in converting conic section to bspline.
ERROR:   DE#    93, TYPE   104: Problem encountered in converting conic section to bspline.
ERROR:   DE#   109, TYPE   104: Problem encountered in converting conic section to bspline.
ERROR:   DE#   117, TYPE   104: Problem encountered in converting conic section to bspline.
ERROR:   DE#   119, TYPE   104: Problem encountered in converting conic section to bspline.
ERROR:   DE#   121, TYPE   104: Problem encountered in converting conic section to bspline.
ERROR:   DE#   123, TYPE   104: Problem encountered in converting conic section to bspline.
ERROR:   DE#   125, TYPE   104: Problem encountered in converting conic section to bspline.
ERROR:   DE#   127, TYPE   104: Problem encountered in converting conic section to bspline.
ERROR:   DE#   129, TYPE   104: Problem encountered in converting conic section to bspline.
ERROR:   DE#   131, TYPE   104: Problem encountered in converting conic section to bspline.
ERROR:   DE#   133, TYPE   104: Problem encountered in converting conic section to bspline.
ERROR:   DE#   135, TYPE   104: Problem encountered in converting conic section to bspline.
ERROR:   DE#   155, TYPE   104: Problem encountered in converting conic section to bspline.
ERROR:   DE#   175, TYPE   104: Problem encountered in converting conic section to bspline.
ERROR:   DE#   179, TYPE   104: Problem encountered in converting conic section to bspline.
ERROR:   DE#   183, TYPE   104: Problem encountered in converting conic section to bspline.
ERROR:   DE#   185, TYPE   104: Problem encountered in converting conic section to bspline.
ERROR:   DE#   189, TYPE   104: Problem encountered in converting conic section to bspline.
ERROR:   DE#   191, TYPE   104: Problem encountered in converting conic section to bspline.
ERROR:   DE#   197, TYPE   104: Problem encountered in converting conic section to bspline.
ERROR:   DE#   211, TYPE   104: Problem encountered in converting conic section to bspline.
ERROR:   DE#   217, TYPE   104: Problem encountered in converting conic section to bspline.
ERROR:   DE#   229, TYPE   104: Problem encountered in converting conic section to bspline.
ERROR:   DE#   235, TYPE   104: Problem encountered in converting conic section to bspline.
ERROR:   DE#   249, TYPE   104: Problem encountered in converting conic section to bspline.
ERROR:   DE#   255, TYPE   104: Problem encountered in converting conic section to bspline.
ERROR:   DE#   259, TYPE   104: Problem encountered in converting conic section to bspline.
ERROR:   DE#   261, TYPE   104: Problem encountered in converting conic section to bspline.
ERROR:   DE#   267, TYPE   104: Problem encountered in converting conic section to bspline.
ERROR:   DE#   287, TYPE   104: Problem encountered in converting conic section to bspline.
ERROR:   DE#   313, TYPE   104: Problem encountered in converting conic section to bspline.
ERROR:   DE#   341, TYPE   104: Problem encountered in converting conic section to bspline.
ERROR:   DE#   371, TYPE   104: Problem encountered in converting conic section to bspline.
ERROR:   DE#   419, TYPE   104: Problem encountered in converting conic section to bspline.
ERROR:   DE#   421, TYPE   104: Problem encountered in converting conic section to bspline.
ERROR:   DE#   423, TYPE   104: Problem encountered in converting conic section to bspline.
ERROR:   DE#   425, TYPE   104: Problem encountered in converting conic section to bspline.
ERROR:   DE#   427, TYPE   104: Problem encountered in converting conic section to bspline.
ERROR:   DE#   429, TYPE   104: Problem encountered in converting conic section to bspline.
ERROR:   DE#   431, TYPE   104: Problem encountered in converting conic section to bspline.
ERROR:   DE#   433, TYPE   104: Problem encountered in converting conic section to bspline.
ERROR:   DE#   435, TYPE   104: Problem encountered in converting conic section to bspline.
ERROR:   DE#   437, TYPE   104: Problem encountered in converting conic section to bspline.
ERROR:   DE#   439, TYPE   104: Problem encountered in converting conic section to bspline.
ERROR:   DE#   441, TYPE   104: Problem encountered in converting conic section to bspline.
ERROR:   DE#   447, TYPE   104: Problem encountered in converting conic section to bspline.
ERROR:   DE#   449, TYPE   104: Problem encountered in converting conic section to bspline.
ERROR:   DE#   451, TYPE   104: Problem encountered in converting conic section to bspline.
ERROR:   DE#   453, TYPE   104: Problem encountered in converting conic section to bspline.
ERROR:   DE#   455, TYPE   104: Problem encountered in converting conic section to bspline.
ERROR:   DE#   457, TYPE   104: Problem encountered in converting conic section to bspline.
ERROR:   DE#   459, TYPE   104: Problem encountered in converting conic section to bspline.
ERROR:   DE#   461, TYPE   104: Problem encountered in converting conic section to bspline.
ERROR:   DE#   463, TYPE   104: Problem encountered in converting conic section to bspline.
ERROR:   DE#   465, TYPE   104: Problem encountered in converting conic section to bspline.
ERROR:   DE#   467, TYPE   104: Problem encountered in converting conic section to bspline.
ERROR:   DE#   469, TYPE   104: Problem encountered in converting conic section to bspline.
ERROR:   DE#   471, TYPE   104: Problem encountered in converting conic section to bspline.
ERROR:   DE#   473, TYPE   104: Problem encountered in converting conic section to bspline.
ERROR:   DE#   475, TYPE   104: Problem encountered in converting conic section to bspline.
ERROR:   DE#   477, TYPE   104: Problem encountered in converting conic section to bspline.
ERROR:   DE#   479, TYPE   104: Problem encountered in converting conic section to bspline.
ERROR:   DE#   481, TYPE   104: Problem encountered in converting conic section to bspline.
ERROR:   DE#   483, TYPE   104: Problem encountered in converting conic section to bspline.
ERROR:   DE#   485, TYPE   104: Problem encountered in converting conic section to bspline.
ERROR:   DE#   487, TYPE   104: Problem encountered in converting conic section to bspline.
ERROR:   DE#   489, TYPE   104: Problem encountered in converting conic section to bspline.
ERROR:   DE#   491, TYPE   104: Problem encountered in converting conic section to bspline.
ERROR:   DE#   493, TYPE   104: Problem encountered in converting conic section to bspline.
ERROR:   DE#   607, TYPE   104: Problem encountered in converting conic section to bspline.
ERROR:   DE#   609, TYPE   104: Problem encountered in converting conic section to bspline.
ERROR:   DE#   611, TYPE   104: Problem encountered in converting conic section to bspline.
ERROR:   DE#   613, TYPE   104: Problem encountered in converting conic section to bspline.
ERROR:   DE#   615, TYPE   104: Problem encountered in converting conic section to bspline.
ERROR:   DE#   617, TYPE   104: Problem encountered in converting conic section to bspline.
ERROR:   DE#   619, TYPE   104: Problem encountered in converting conic section to bspline.
ERROR:   DE#   621, TYPE   104: Problem encountered in converting conic section to bspline.
ERROR:   DE#   623, TYPE   104: Problem encountered in converting conic section to bspline.
ERROR:   DE#   625, TYPE   104: Problem encountered in converting conic section to bspline.
ERROR:   DE#   627, TYPE   104: Problem encountered in converting conic section to bspline.
ERROR:   DE#   629, TYPE   104: Problem encountered in converting conic section to bspline.
ERROR:   DE#   639, TYPE   104: Problem encountered in converting conic section to bspline.
ERROR:   DE#   641, TYPE   104: Problem encountered in converting conic section to bspline.
ERROR:   DE#   643, TYPE   104: Problem encountered in converting conic section to bspline.
ERROR:   DE#   645, TYPE   104: Problem encountered in converting conic section to bspline.
ERROR:   DE#   647, TYPE   104: Problem encountered in converting conic section to bspline.
ERROR:   DE#   649, TYPE   104: Problem encountered in converting conic section to bspline.
ERROR:   DE#   651, TYPE   104: Problem encountered in converting conic section to bspline.
ERROR:   DE#   653, TYPE   104: Problem encountered in converting conic section to bspline.
ERROR:   DE#   655, TYPE   104: Problem encountered in converting conic section to bspline.
ERROR:   DE#   657, TYPE   104: Problem encountered in converting conic section to bspline.
ERROR:   DE#   659, TYPE   104: Problem encountered in converting conic section to bspline.
ERROR:   DE#   661, TYPE   104: Problem encountered in converting conic section to bspline.
ERROR:   DE#   663, TYPE   104: Problem encountered in converting conic section to bspline.
ERROR:   DE#   665, TYPE   104: Problem encountered in converting conic section to bspline.
ERROR:   DE#   667, TYPE   104: Problem encountered in converting conic section to bspline.
ERROR:   DE#   669, TYPE   104: Problem encountered in converting conic section to bspline.
ERROR:   DE#   671, TYPE   104: Problem encountered in converting conic section to bspline.
ERROR:   DE#   673, TYPE   104: Problem encountered in converting conic section to bspline.
ERROR:   DE#   675, TYPE   104: Problem encountered in converting conic section to bspline.
ERROR:   DE#   677, TYPE   104: Problem encountered in converting conic section to bspline.
ERROR:   DE#   679, TYPE   104: Problem encountered in converting conic section to bspline.
ERROR:   DE#   681, TYPE   104: Problem encountered in converting conic section to bspline.
ERROR:   DE#   683, TYPE   104: Problem encountered in converting conic section to bspline.
ERROR:   DE#   685, TYPE   104: Problem encountered in converting conic section to bspline.
ERROR:   DE#   697, TYPE   104: Problem encountered in converting conic section to bspline.
ERROR:   DE#   727, TYPE   104: Problem encountered in converting conic section to bspline.
ERROR:   DE#   757, TYPE   104: Problem encountered in converting conic section to bspline.
ERROR:   DE#   805, TYPE   104: Problem encountered in converting conic section to bspline.
ERROR:   DE#   807, TYPE   104: Problem encountered in converting conic section to bspline.
ERROR:   DE#   809, TYPE   104: Problem encountered in converting conic section to bspline.
ERROR:   DE#   811, TYPE   104: Problem encountered in converting conic section to bspline.
ERROR:   DE#   813, TYPE   104: Problem encountered in converting conic section to bspline.
ERROR:   DE#   815, TYPE   104: Problem encountered in converting conic section to bspline.
ERROR:   DE#   817, TYPE   104: Problem encountered in converting conic section to bspline.
ERROR:   DE#   819, TYPE   104: Problem encountered in converting conic section to bspline.
ERROR:   DE#   825, TYPE   104: Problem encountered in converting conic section to bspline.
ERROR:   DE#   827, TYPE   104: Problem encountered in converting conic section to bspline.
ERROR:   DE#   829, TYPE   104: Problem encountered in converting conic section to bspline.
ERROR:   DE#   831, TYPE   104: Problem encountered in converting conic section to bspline.
ERROR:   DE#   833, TYPE   104: Problem encountered in converting conic section to bspline.
ERROR:   DE#   835, TYPE   104: Problem encountered in converting conic section to bspline.
ERROR:   DE#   837, TYPE   104: Problem encountered in converting conic section to bspline.
ERROR:   DE#   839, TYPE   104: Problem encountered in converting conic section to bspline.
ERROR:   DE#   841, TYPE   104: Problem encountered in converting conic section to bspline.
ERROR:   DE#   843, TYPE   104: Problem encountered in converting conic section to bspline.
ERROR:   DE#   845, TYPE   104: Problem encountered in converting conic section to bspline.
ERROR:   DE#   847, TYPE   104: Problem encountered in converting conic section to bspline.
ERROR:   DE#   849, TYPE   104: Problem encountered in converting conic section to bspline.
ERROR:   DE#   851, TYPE   104: Problem encountered in converting conic section to bspline.
ERROR:   DE#   853, TYPE   104: Problem encountered in converting conic section to bspline.
ERROR:   DE#   855, TYPE   104: Problem encountered in converting conic section to bspline.
ERROR:   DE#   929, TYPE   104: Problem encountered in converting conic section to bspline.
ERROR:   DE#   931, TYPE   104: Problem encountered in converting conic section to bspline.
ERROR:   DE#   933, TYPE   104: Problem encountered in converting conic section to bspline.
ERROR:   DE#   935, TYPE   104: Problem encountered in converting conic section to bspline.
ERROR:   DE#   937, TYPE   104: Problem encountered in converting conic section to bspline.
ERROR:   DE#   939, TYPE   104: Problem encountered in converting conic section to bspline.
ERROR:   DE#   941, TYPE   104: Problem encountered in converting conic section to bspline.
ERROR:   DE#   943, TYPE   104: Problem encountered in converting conic section to bspline.
ERROR:   DE#   955, TYPE   104: Problem encountered in converting conic section to bspline.
ERROR:   DE#   957, TYPE   104: Problem encountered in converting conic section to bspline.
ERROR:   DE#   959, TYPE   104: Problem encountered in converting conic section to bspline.
ERROR:   DE#   961, TYPE   104: Problem encountered in converting conic section to bspline.
ERROR:   DE#   963, TYPE   104: Problem encountered in converting conic section to bspline.
ERROR:   DE#   965, TYPE   104: Problem encountered in converting conic section to bspline.
ERROR:   DE#   967, TYPE   104: Problem encountered in converting conic section to bspline.
ERROR:   DE#   969, TYPE   104: Problem encountered in converting conic section to bspline.
ERROR:   DE#   971, TYPE   104: Problem encountered in converting conic section to bspline.
ERROR:   DE#   973, TYPE   104: Problem encountered in converting conic section to bspline.
ERROR:   DE#   975, TYPE   104: Problem encountered in converting conic section to bspline.
ERROR:   DE#   977, TYPE   104: Problem encountered in converting conic section to bspline.
ERROR:   DE#   979, TYPE   104: Problem encountered in converting conic section to bspline.
ERROR:   DE#   981, TYPE   104: Problem encountered in converting conic section to bspline.
ERROR:   DE#   983, TYPE   104: Problem encountered in converting conic section to bspline.
ERROR:   DE#   985, TYPE   104: Problem encountered in converting conic section to bspline.
ERROR:   DE#  1043, TYPE   104: Problem encountered in converting conic section to bspline.
ERROR:   DE#  1047, TYPE   104: Problem encountered in converting conic section to bspline.
ERROR:   DE#  1049, TYPE   104: Problem encountered in converting conic section to bspline.
ERROR:   DE#  1107, TYPE   104: Problem encountered in converting conic section to bspline.
ERROR:   DE#  1109, TYPE   104: Problem encountered in converting conic section to bspline.
ERROR:   DE#  1111, TYPE   104: Problem encountered in converting conic section to bspline.
ERROR:   DE#  1169, TYPE   104: Problem encountered in converting conic section to bspline.
ERROR:   DE#  1173, TYPE   104: Problem encountered in converting conic section to bspline.
ERROR:   DE#  1175, TYPE   104: Problem encountered in converting conic section to bspline.
ERROR:   DE#  1233, TYPE   104: Problem encountered in converting conic section to bspline.
ERROR:   DE#  1237, TYPE   104: Problem encountered in converting conic section to bspline.
ERROR:   DE#  1239, TYPE   104: Problem encountered in converting conic section to bspline.
ERROR:   DE#  1297, TYPE   104: Problem encountered in converting conic section to bspline.
ERROR:   DE#  1301, TYPE   104: Problem encountered in converting conic section to bspline.
ERROR:   DE#  1303, TYPE   104: Problem encountered in converting conic section to bspline.
ERROR:   DE#  1365, TYPE   104: Problem encountered in converting conic section to bspline.
ERROR:   DE#  1373, TYPE   104: Problem encountered in converting conic section to bspline.
ERROR:   DE#  1375, TYPE   104: Problem encountered in converting conic section to bspline.
ERROR:   DE#  1437, TYPE   104: Problem encountered in converting conic section to bspline.
ERROR:   DE#  1445, TYPE   104: Problem encountered in converting conic section to bspline.
ERROR:   DE#  1447, TYPE   104: Problem encountered in converting conic section to bspline.
ERROR:   DE#  1493, TYPE   104: Problem encountered in converting conic section to bspline.
ERROR:   DE#  1501, TYPE   104: Problem encountered in converting conic section to bspline.
ERROR:   DE#  1503, TYPE   104: Problem encountered in converting conic section to bspline.
ERROR:   DE#  1553, TYPE   104: Problem encountered in converting conic section to bspline.
ERROR:   DE#  1561, TYPE   104: Problem encountered in converting conic section to bspline.
ERROR:   DE#  1563, TYPE   104: Problem encountered in converting conic section to bspline.
ERROR:   DE#  1625, TYPE   104: Problem encountered in converting conic section to bspline.
ERROR:   DE#  1633, TYPE   104: Problem encountered in converting conic section to bspline.
ERROR:   DE#  1635, TYPE   104: Problem encountered in converting conic section to bspline.
ERROR:   DE#  1693, TYPE   104: Problem encountered in converting conic section to bspline.
ERROR:   DE#  1697, TYPE   104: Problem encountered in converting conic section to bspline.
ERROR:   DE#  1699, TYPE   104: Problem encountered in converting conic section to bspline.
ERROR:   DE#  1761, TYPE   104: Problem encountered in converting conic section to bspline.
ERROR:   DE#  1769, TYPE   104: Problem encountered in converting conic section to bspline.
ERROR:   DE#  1771, TYPE   104: Problem encountered in converting conic section to bspline.
ERROR:   DE#  1773, TYPE   104: Problem encountered in converting conic section to bspline.
ERROR:   DE#  1777, TYPE   104: Problem encountered in converting conic section to bspline.
ERROR:   DE#  1781, TYPE   104: Problem encountered in converting conic section to bspline.
ERROR:   DE#  1787, TYPE   104: Problem encountered in converting conic section to bspline.
ERROR:   DE#  1791, TYPE   104: Problem encountered in converting conic section to bspline.
ERROR:   DE#  1795, TYPE   104: Problem encountered in converting conic section to bspline.
ERROR:   DE#  1799, TYPE   104: Problem encountered in converting conic section to bspline.
ERROR:   DE#  1801, TYPE   104: Problem encountered in converting conic section to bspline.
ERROR:   DE#  1803, TYPE   104: Problem encountered in converting conic section to bspline.
ERROR:   DE#  1807, TYPE   104: Problem encountered in converting conic section to bspline.
ERROR:   DE#  1815, TYPE   104: Problem encountered in converting conic section to bspline.
ERROR:   DE#  1817, TYPE   104: Problem encountered in converting conic section to bspline.
ERROR:   DE#  1819, TYPE   104: Problem encountered in converting conic section to bspline.
ERROR:   DE#  1829, TYPE   104: Problem encountered in converting conic section to bspline.
ERROR:   DE#  1833, TYPE   104: Problem encountered in converting conic section to bspline.
ERROR:   DE#  1839, TYPE   104: Problem encountered in converting conic section to bspline.
ERROR:   DE#  1841, TYPE   104: Problem encountered in converting conic section to bspline.
ERROR:   DE#  1845, TYPE   104: Problem encountered in converting conic section to bspline.
ERROR:   DE#  1849, TYPE   104: Problem encountered in converting conic section to bspline.
ERROR:   DE#  1857, TYPE   104: Problem encountered in converting conic section to bspline.
ERROR:   DE#  1861, TYPE   104: Problem encountered in converting conic section to bspline.
ERROR:   DE#  1865, TYPE   104: Problem encountered in converting conic section to bspline.
ERROR:   DE#  1869, TYPE   104: Problem encountered in converting conic section to bspline.
ERROR:   DE#  1871, TYPE   104: Problem encountered in converting conic section to bspline.
ERROR:   DE#  1873, TYPE   104: Problem encountered in converting conic section to bspline.
ERROR:   DE#  1877, TYPE   104: Problem encountered in converting conic section to bspline.
ERROR:   DE#  1885, TYPE   104: Problem encountered in converting conic section to bspline.
ERROR:   DE#  1887, TYPE   104: Problem encountered in converting conic section to bspline.
ERROR:   DE#  1889, TYPE   104: Problem encountered in converting conic section to bspline.
ERROR:   DE#  1901, TYPE   104: Problem encountered in converting conic section to bspline.
ERROR:   DE#  1905, TYPE   104: Problem encountered in converting conic section to bspline.
ERROR:   DE#  1911, TYPE   104: Problem encountered in converting conic section to bspline.
ERROR:   DE#  1919, TYPE   104: Problem encountered in converting conic section to bspline.
ERROR:   DE#  1921, TYPE   104: Problem encountered in converting conic section to bspline.
ERROR:   DE#  1925, TYPE   104: Problem encountered in converting conic section to bspline.
ERROR:   DE#  1929, TYPE   104: Problem encountered in converting conic section to bspline.
ERROR:   DE#  1939, TYPE   104: Problem encountered in converting conic section to bspline.
ERROR:   DE#  1941, TYPE   104: Problem encountered in converting conic section to bspline.
ERROR:   DE#  1947, TYPE   104: Problem encountered in converting conic section to bspline.
ERROR:   DE#  1949, TYPE   104: Problem encountered in converting conic section to bspline.
ERROR:   DE#  1951, TYPE   104: Problem encountered in converting conic section to bspline.
ERROR:   DE#  1955, TYPE   104: Problem encountered in converting conic section to bspline.
ERROR:   DE#  1959, TYPE   104: Problem encountered in converting conic section to bspline.
ERROR:   DE#  1961, TYPE   104: Problem encountered in converting conic section to bspline.
ERROR:   DE#  1963, TYPE   104: Problem encountered in converting conic section to bspline.
ERROR:   DE#  1967, TYPE   104: Problem encountered in converting conic section to bspline.
ERROR:   DE#  1979, TYPE   104: Problem encountered in converting conic section to bspline.
ERROR:   DE#  1983, TYPE   104: Problem encountered in converting conic section to bspline.
ERROR:   DE#  1987, TYPE   104: Problem encountered in converting conic section to bspline.
ERROR:   DE#  1989, TYPE   104: Problem encountered in converting conic section to bspline.
ERROR:   DE#  1993, TYPE   104: Problem encountered in converting conic section to bspline.
ERROR:   DE#  1995, TYPE   104: Problem encountered in converting conic section to bspline.
ERROR:   DE#  1997, TYPE   104: Problem encountered in converting conic section to bspline.
ERROR:   DE#  2001, TYPE   104: Problem encountered in converting conic section to bspline.
ERROR:   DE#  2005, TYPE   104: Problem encountered in converting conic section to bspline.
ERROR:   DE#  2007, TYPE   104: Problem encountered in converting conic section to bspline.
ERROR:   DE#  2009, TYPE   104: Problem encountered in converting conic section to bspline.
ERROR:   DE#  2013, TYPE   104: Problem encountered in converting conic section to bspline.
ERROR:   DE#  2023, TYPE   104: Problem encountered in converting conic section to bspline.
ERROR:   DE#  2041, TYPE   104: Problem encountered in converting conic section to bspline.
ERROR:   DE#  2043, TYPE   104: Problem encountered in converting conic section to bspline.
ERROR:   DE#  2045, TYPE   104: Problem encountered in converting conic section to bspline.
ERROR:   DE#  2047, TYPE   104: Problem encountered in converting conic section to bspline.
ERROR:   DE#  2069, TYPE   104: Problem encountered in converting conic section to bspline.
ERROR:   DE#  2079, TYPE   104: Problem encountered in converting conic section to bspline.
ERROR:   DE#  2097, TYPE   104: Problem encountered in converting conic section to bspline.
ERROR:   DE#  2099, TYPE   104: Problem encountered in converting conic section to bspline.
ERROR:   DE#  2101, TYPE   104: Problem encountered in converting conic section to bspline.
ERROR:   DE#  2103, TYPE   104: Problem encountered in converting conic section to bspline.
ERROR:   DE#  2125, TYPE   104: Problem encountered in converting conic section to bspline.
ERROR:   DE#  2127, TYPE   104: Problem encountered in converting conic section to bspline.
ERROR:   DE#  2133, TYPE   104: Problem encountered in converting conic section to bspline.
ERROR:   DE#  2143, TYPE   104: Problem encountered in converting conic section to bspline.
ERROR:   DE#  2149, TYPE   104: Problem encountered in converting conic section to bspline.
ERROR:   DE#  2151, TYPE   104: Problem encountered in converting conic section to bspline.
ERROR:   DE#  2185, TYPE   104: Problem encountered in converting conic section to bspline.
ERROR:   DE#  2187, TYPE   104: Problem encountered in converting conic section to bspline.
ERROR:   DE#  2193, TYPE   104: Problem encountered in converting conic section to bspline.
ERROR:   DE#  2205, TYPE   104: Problem encountered in converting conic section to bspline.
ERROR:   DE#  2211, TYPE   104: Problem encountered in converting conic section to bspline.
ERROR:   DE#  2213, TYPE   104: Problem encountered in converting conic section to bspline.
ERROR:   DE#  2249, TYPE   104: Problem encountered in converting conic section to bspline.
ERROR:   DE#  2251, TYPE   104: Problem encountered in converting conic section to bspline.
ERROR:   DE#  2257, TYPE   104: Problem encountered in converting conic section to bspline.
ERROR:   DE#  2259, TYPE   104: Problem encountered in converting conic section to bspline.
ERROR:   DE#  2261, TYPE   104: Problem encountered in converting conic section to bspline.
ERROR:   DE#  2263, TYPE   104: Problem encountered in converting conic section to bspline.
ERROR:   DE#  2265, TYPE   104: Problem encountered in converting conic section to bspline.
ERROR:   DE#  2267, TYPE   104: Problem encountered in converting conic section to bspline.
ERROR:   DE#  2269, TYPE   104: Problem encountered in converting conic section to bspline.
ERROR:   DE#  2271, TYPE   104: Problem encountered in converting conic section to bspline.
ERROR:   DE#  2273, TYPE   104: Problem encountered in converting conic section to bspline.
ERROR:   DE#  2277, TYPE   104: Problem encountered in converting conic section to bspline.
ERROR:   DE#  2279, TYPE   104: Problem encountered in converting conic section to bspline.
ERROR:   DE#  2281, TYPE   104: Problem encountered in converting conic section to bspline.
ERROR:   DE#  2283, TYPE   104: Problem encountered in converting conic section to bspline.
ERROR:   DE#  2285, TYPE   104: Problem encountered in converting conic section to bspline.
ERROR:   DE#  2287, TYPE   104: Problem encountered in converting conic section to bspline.
ERROR:   DE#  2291, TYPE   104: Problem encountered in converting conic section to bspline.
ERROR:   DE#  2293, TYPE   104: Problem encountered in converting conic section to bspline.
ERROR:   DE#  2295, TYPE   104: Problem encountered in converting conic section to bspline.
ERROR:   DE#  2297, TYPE   104: Problem encountered in converting conic section to bspline.
ERROR:   DE#  2299, TYPE   104: Problem encountered in converting conic section to bspline.
ERROR:   DE#  2301, TYPE   104: Problem encountered in converting conic section to bspline.
ERROR:   DE#  2303, TYPE   104: Problem encountered in converting conic section to bspline.
ERROR:   DE#  2309, TYPE   104: Problem encountered in converting conic section to bspline.
ERROR:   DE#  2311, TYPE   104: Problem encountered in converting conic section to bspline.
ERROR:   DE#  2313, TYPE   104: Problem encountered in converting conic section to bspline.
ERROR:   DE#  2315, TYPE   104: Problem encountered in converting conic section to bspline.
ERROR:   DE#  2317, TYPE   104: Problem encountered in converting conic section to bspline.
ERROR:   DE#  2319, TYPE   104: Problem encountered in converting conic section to bspline.
ERROR:   DE#  2321, TYPE   104: Problem encountered in converting conic section to bspline.
ERROR:   DE#  2323, TYPE   104: Problem encountered in converting conic section to bspline.
ERROR:   DE#  2325, TYPE   104: Problem encountered in converting conic section to bspline.
ERROR:   DE#  2327, TYPE   104: Problem encountered in converting conic section to bspline.
ERROR:   DE#  2329, TYPE   104: Problem encountered in converting conic section to bspline.
ERROR:   DE#  2331, TYPE   104: Problem encountered in converting conic section to bspline.
ERROR:   DE#  2337, TYPE   104: Problem encountered in converting conic section to bspline.
ERROR:   DE#  2339, TYPE   104: Problem encountered in converting conic section to bspline.
ERROR:   DE#  2341, TYPE   104: Problem encountered in converting conic section to bspline.
ERROR:   DE#  2343, TYPE   104: Problem encountered in converting conic section to bspline.
ERROR:   DE#  2345, TYPE   104: Problem encountered in converting conic section to bspline.
ERROR:   DE#  2347, TYPE   104: Problem encountered in converting conic section to bspline.
ERROR:   DE#  2349, TYPE   104: Problem encountered in converting conic section to bspline.
ERROR:   DE#  2351, TYPE   104: Problem encountered in converting conic section to bspline.
ERROR:   DE#  2357, TYPE   104: Problem encountered in converting conic section to bspline.
ERROR:   DE#  2359, TYPE   104: Problem encountered in converting conic section to bspline.
ERROR:   DE#  2361, TYPE   104: Problem encountered in converting conic section to bspline.
ERROR:   DE#  2363, TYPE   104: Problem encountered in converting conic section to bspline.
ERROR:   DE#  2365, TYPE   104: Problem encountered in converting conic section to bspline.
ERROR:   DE#  2367, TYPE   104: Problem encountered in converting conic section to bspline.
ERROR:   DE#  2369, TYPE   104: Problem encountered in converting conic section to bspline.
ERROR:   DE#  2371, TYPE   104: Problem encountered in converting conic section to bspline.
ERROR:   DE#  2373, TYPE   104: Problem encountered in converting conic section to bspline.
ERROR:   DE#  2375, TYPE   104: Problem encountered in converting conic section to bspline.
ERROR:   DE#  2377, TYPE   104: Problem encountered in converting conic section to bspline.
ERROR:   DE#  2379, TYPE   104: Problem encountered in converting conic section to bspline.
ERROR:   DE#  2385, TYPE   104: Problem encountered in converting conic section to bspline.
ERROR:   DE#  2387, TYPE   104: Problem encountered in converting conic section to bspline.
ERROR:   DE#  2389, TYPE   104: Problem encountered in converting conic section to bspline.
ERROR:   DE#  2391, TYPE   104: Problem encountered in converting conic section to bspline.
ERROR:   DE#  2393, TYPE   104: Problem encountered in converting conic section to bspline.
ERROR:   DE#  2395, TYPE   104: Problem encountered in converting conic section to bspline.
ERROR:   DE#  2397, TYPE   104: Problem encountered in converting conic section to bspline.
ERROR:   DE#  2399, TYPE   104: Problem encountered in converting conic section to bspline.
ERROR:   DE#  2401, TYPE   104: Problem encountered in converting conic section to bspline.
ERROR:   DE#  2403, TYPE   104: Problem encountered in converting conic section to bspline.
ERROR:   DE#  2409, TYPE   104: Problem encountered in converting conic section to bspline.
ERROR:   DE#  2411, TYPE   104: Problem encountered in converting conic section to bspline.
ERROR:   DE#  2413, TYPE   104: Problem encountered in converting conic section to bspline.
ERROR:   DE#  2415, TYPE   104: Problem encountered in converting conic section to bspline.
ERROR:   DE#  2417, TYPE   104: Problem encountered in converting conic section to bspline.
ERROR:   DE#  2419, TYPE   104: Problem encountered in converting conic section to bspline.
ERROR:   DE#  2429, TYPE   104: Problem encountered in converting conic section to bspline.
ERROR:   DE#  2433, TYPE   104: Problem encountered in converting conic section to bspline.
ERROR:   DE#  2449, TYPE   104: Problem encountered in converting conic section to bspline.
ERROR:   DE#  2451, TYPE   104: Problem encountered in converting conic section to bspline.
ERROR:   DE#  2453, TYPE   104: Problem encountered in converting conic section to bspline.
ERROR:   DE#  2455, TYPE   104: Problem encountered in converting conic section to bspline.
ERROR:   DE#  2459, TYPE   104: Problem encountered in converting conic section to bspline.
ERROR:   DE#  2469, TYPE   104: Problem encountered in converting conic section to bspline.
ERROR:   DE#  2471, TYPE   104: Problem encountered in converting conic section to bspline.
ERROR:   DE#  2487, TYPE   104: Problem encountered in converting conic section to bspline.
ERROR:   DE#  2489, TYPE   104: Problem encountered in converting conic section to bspline.
ERROR:   DE#  2491, TYPE   104: Problem encountered in converting conic section to bspline.
ERROR:   DE#  2495, TYPE   104: Problem encountered in converting conic section to bspline.
ERROR:   DE#  2505, TYPE   104: Problem encountered in converting conic section to bspline.
ERROR:   DE#  2509, TYPE   104: Problem encountered in converting conic section to bspline.
ERROR:   DE#  2531, TYPE   104: Problem encountered in converting conic section to bspline.
ERROR:   DE#  2533, TYPE   104: Problem encountered in converting conic section to bspline.
ERROR:   DE#  2537, TYPE   104: Problem encountered in converting conic section to bspline.
ERROR:   DE#  2539, TYPE   104: Problem encountered in converting conic section to bspline.
ERROR:   DE#  2541, TYPE   104: Problem encountered in converting conic section to bspline.
ERROR:   DE#  2543, TYPE   104: Problem encountered in converting conic section to bspline.
ERROR:   DE#  2545, TYPE   104: Problem encountered in converting conic section to bspline.
ERROR:   DE#  2561, TYPE   104: Problem encountered in converting conic section to bspline.
ERROR:   DE#  2563, TYPE   104: Problem encountered in converting conic section to bspline.
ERROR:   DE#  2571, TYPE   104: Problem encountered in converting conic section to bspline.
ERROR:   DE#  2573, TYPE   104: Problem encountered in converting conic section to bspline.
ERROR:   DE#  2575, TYPE   104: Problem encountered in converting conic section to bspline.
ERROR:   DE#  2577, TYPE   104: Problem encountered in converting conic section to bspline.
ERROR:   DE#  2583, TYPE   104: Problem encountered in converting conic section to bspline.
ERROR:   DE#  2585, TYPE   104: Problem encountered in converting conic section to bspline.
ERROR:   DE#  2595, TYPE   104: Problem encountered in converting conic section to bspline.
ERROR:   DE#  2601, TYPE   104: Problem encountered in converting conic section to bspline.
ERROR:   DE#  2605, TYPE   104: Problem encountered in converting conic section to bspline.
ERROR:   DE#  2609, TYPE   104: Problem encountered in converting conic section to bspline.
ERROR:   DE#  2611, TYPE   104: Problem encountered in converting conic section to bspline.
ERROR:   DE#  2617, TYPE   104: Problem encountered in converting conic section to bspline.
ERROR:   DE#  2619, TYPE   104: Problem encountered in converting conic section to bspline.
ERROR:   DE#  2629, TYPE   104: Problem encountered in converting conic section to bspline.
ERROR:   DE#  2635, TYPE   104: Problem encountered in converting conic section to bspline.
ERROR:   DE#  2639, TYPE   104: Problem encountered in converting conic section to bspline.
ERROR:   DE#  2643, TYPE   104: Problem encountered in converting conic section to bspline.
ERROR:   DE#  2645, TYPE   104: Problem encountered in converting conic section to bspline.
ERROR:   DE#  2651, TYPE   104: Problem encountered in converting conic section to bspline.
ERROR:   DE#  2653, TYPE   104: Problem encountered in converting conic section to bspline.
ERROR:   DE#  2669, TYPE   104: Problem encountered in converting conic section to bspline.
ERROR:   DE#  2671, TYPE   104: Problem encountered in converting conic section to bspline.
ERROR:   DE#  2679, TYPE   104: Problem encountered in converting conic section to bspline.
ERROR:   DE#  2681, TYPE   104: Problem encountered in converting conic section to bspline.
ERROR:   DE#  2683, TYPE   104: Problem encountered in converting conic section to bspline.
ERROR:   DE#  2685, TYPE   104: Problem encountered in converting conic section to bspline.
ERROR:   DE#  2691, TYPE   104: Problem encountered in converting conic section to bspline.
ERROR:   DE#  2707, TYPE   104: Problem encountered in converting conic section to bspline.
ERROR:   DE#  2715, TYPE   104: Problem encountered in converting conic section to bspline.
ERROR:   DE#  2721, TYPE   104: Problem encountered in converting conic section to bspline.
ERROR:   DE#  2731, TYPE   104: Problem encountered in converting conic section to bspline.
ERROR:   DE#  2733, TYPE   104: Problem encountered in converting conic section to bspline.
ERROR:   DE#  2735, TYPE   104: Problem encountered in converting conic section to bspline.
ERROR:   DE#  2739, TYPE   104: Problem encountered in converting conic section to bspline.
ERROR:   DE#  2747, TYPE   104: Problem encountered in converting conic section to bspline.
ERROR:   DE#  2751, TYPE   104: Problem encountered in converting conic section to bspline.
ERROR:   DE#  2755, TYPE   104: Problem encountered in converting conic section to bspline.
ERROR:   DE#  2757, TYPE   104: Problem encountered in converting conic section to bspline.
ERROR:   DE#  2773, TYPE   104: Problem encountered in converting conic section to bspline.
ERROR:   DE#  2775, TYPE   104: Problem encountered in converting conic section to bspline.
ERROR:   DE#  2777, TYPE   104: Problem encountered in converting conic section to bspline.
ERROR:   DE#  2779, TYPE   104: Problem encountered in converting conic section to bspline.
ERROR:   DE#  2783, TYPE   104: Problem encountered in converting conic section to bspline.
ERROR:   DE#  2785, TYPE   104: Problem encountered in converting conic section to bspline.
ERROR:   DE#  2787, TYPE   104: Problem encountered in converting conic section to bspline.
ERROR:   DE#  2789, TYPE   104: Problem encountered in converting conic section to bspline.
ERROR:   DE#  2791, TYPE   104: Problem encountered in converting conic section to bspline.
ERROR:   DE#  2793, TYPE   104: Problem encountered in converting conic section to bspline.
ERROR:   DE#  2797, TYPE   104: Problem encountered in converting conic section to bspline.
ERROR:   DE#  2807, TYPE   104: Problem encountered in converting conic section to bspline.
ERROR:   DE#  2813, TYPE   104: Problem encountered in converting conic section to bspline.
ERROR:   DE#  2819, TYPE   104: Problem encountered in converting conic section to bspline.
ERROR:   DE#  2821, TYPE   104: Problem encountered in converting conic section to bspline.
ERROR:   DE#  2827, TYPE   104: Problem encountered in converting conic section to bspline.
ERROR:   DE#  2831, TYPE   104: Problem encountered in converting conic section to bspline.
ERROR:   DE#  2833, TYPE   104: Problem encountered in converting conic section to bspline.
ERROR:   DE#  2835, TYPE   104: Problem encountered in converting conic section to bspline.
ERROR:   DE#  2837, TYPE   104: Problem encountered in converting conic section to bspline.
ERROR:   DE#  2839, TYPE   104: Problem encountered in converting conic section to bspline.
ERROR:   DE#  2843, TYPE   104: Problem encountered in converting conic section to bspline.
ERROR:   DE#  2845, TYPE   104: Problem encountered in converting conic section to bspline.
ERROR:   DE#  2849, TYPE   104: Problem encountered in converting conic section to bspline.
ERROR:   DE#  2857, TYPE   104: Problem encountered in converting conic section to bspline.
ERROR:   DE#  2863, TYPE   104: Problem encountered in converting conic section to bspline.
ERROR:   DE#  2869, TYPE   104: Problem encountered in converting conic section to bspline.
ERROR:   DE#  2871, TYPE   104: Problem encountered in converting conic section to bspline.
ERROR:   DE#  2877, TYPE   104: Problem encountered in converting conic section to bspline.
ERROR:   DE#  2881, TYPE   104: Problem encountered in converting conic section to bspline.
ERROR:   DE#  2883, TYPE   104: Problem encountered in converting conic section to bspline.
ERROR:   DE#  2885, TYPE   104: Problem encountered in converting conic section to bspline.
ERROR:   DE#  2887, TYPE   104: Problem encountered in converting conic section to bspline.
ERROR:   DE#  2889, TYPE   104: Problem encountered in converting conic section to bspline.
ERROR:   DE#  2895, TYPE   104: Problem encountered in converting conic section to bspline.
ERROR:   DE#  2901, TYPE   104: Problem encountered in converting conic section to bspline.
ERROR:   DE#  2903, TYPE   104: Problem encountered in converting conic section to bspline.
ERROR:   DE#  2913, TYPE   104: Problem encountered in converting conic section to bspline.
ERROR:   DE#  2921, TYPE   104: Problem encountered in converting conic section to bspline.
ERROR:   DE#  2925, TYPE   104: Problem encountered in converting conic section to bspline.
ERROR:   DE#  2931, TYPE   104: Problem encountered in converting conic section to bspline.
ERROR:   DE#  2937, TYPE   104: Problem encountered in converting conic section to bspline.
ERROR:   DE#  2951, TYPE   104: Problem encountered in converting conic section to bspline.
ERROR:   DE#  2953, TYPE   104: Problem encountered in converting conic section to bspline.
ERROR:   DE#  2957, TYPE   104: Problem encountered in converting conic section to bspline.
ERROR:   DE#  2959, TYPE   104: Problem encountered in converting conic section to bspline.
ERROR:   DE#  2965, TYPE   104: Problem encountered in converting conic section to bspline.
ERROR:   DE#  2971, TYPE   104: Problem encountered in converting conic section to bspline.
ERROR:   DE#  2975, TYPE   104: Problem encountered in converting conic section to bspline.
ERROR:   DE#  2983, TYPE   104: Problem encountered in converting conic section to bspline.
ERROR:   DE#  3001, TYPE   104: Problem encountered in converting conic section to bspline.
ERROR:   DE#  3005, TYPE   104: Problem encountered in converting conic section to bspline.
ERROR:   DE#  3007, TYPE   104: Problem encountered in converting conic section to bspline.
ERROR:   DE#  3011, TYPE   104: Problem encountered in converting conic section to bspline.
ERROR:   DE#  3017, TYPE   104: Problem encountered in converting conic section to bspline.
ERROR:   DE#  3021, TYPE   104: Problem encountered in converting conic section to bspline.
ERROR:   DE#  3029, TYPE   104: Problem encountered in converting conic section to bspline.
ERROR:   DE#  3033, TYPE   104: Problem encountered in converting conic section to bspline.
ERROR:   DE#  3037, TYPE   104: Problem encountered in converting conic section to bspline.
ERROR:   DE#  3045, TYPE   104: Problem encountered in converting conic section to bspline.
ERROR:   DE#  3049, TYPE   104: Problem encountered in converting conic section to bspline.
ERROR:   DE#  3053, TYPE   104: Problem encountered in converting conic section to bspline.
ERROR:   DE#  3061, TYPE   104: Problem encountered in converting conic section to bspline.
ERROR:   DE#  3069, TYPE   104: Problem encountered in converting conic section to bspline.
ERROR:   DE#  3073, TYPE   104: Problem encountered in converting conic section to bspline.
ERROR:   DE#  3079, TYPE   104: Problem encountered in converting conic section to bspline.
ERROR:   DE#  3083, TYPE   104: Problem encountered in converting conic section to bspline.
ERROR:   DE#  3091, TYPE   104: Problem encountered in converting conic section to bspline.
ERROR:   DE#  3093, TYPE   104: Problem encountered in converting conic section to bspline.
ERROR:   DE#  3097, TYPE   104: Problem encountered in converting conic section to bspline.
ERROR:   DE#  3101, TYPE   104: Problem encountered in converting conic section to bspline.
ERROR:   DE#  3105, TYPE   104: Problem encountered in converting conic section to bspline.
ERROR:   DE#  3111, TYPE   104: Problem encountered in converting conic section to bspline.
ERROR:   DE#  3115, TYPE   104: Problem encountered in converting conic section to bspline.
ERROR:   DE#  3119, TYPE   104: Problem encountered in converting conic section to bspline.
ERROR:   DE#  3123, TYPE   104: Problem encountered in converting conic section to bspline.
ERROR:   DE#  3127, TYPE   104: Problem encountered in converting conic section to bspline.
ERROR:   DE#  3133, TYPE   104: Problem encountered in converting conic section to bspline.
ERROR:   DE#  3137, TYPE   104: Problem encountered in converting conic section to bspline.
ERROR:   DE#  3145, TYPE   104: Problem encountered in converting conic section to bspline.
ERROR:   DE#  3149, TYPE   104: Problem encountered in converting conic section to bspline.
ERROR:   DE#  3153, TYPE   104: Problem encountered in converting conic section to bspline.
ERROR:   DE#  3157, TYPE   104: Problem encountered in converting conic section to bspline.
ERROR:   DE#  3161, TYPE   104: Problem encountered in converting conic section to bspline.
ERROR:   DE#  3165, TYPE   104: Problem encountered in converting conic section to bspline.
ERROR:   DE#  3169, TYPE   104: Problem encountered in converting conic section to bspline.
ERROR:   DE#  3173, TYPE   104: Problem encountered in converting conic section to bspline.
ERROR:   DE#  3199, TYPE   104: Problem encountered in converting conic section to bspline.
ERROR:   DE#  3205, TYPE   104: Problem encountered in converting conic section to bspline.
ERROR:   DE#  3211, TYPE   104: Problem encountered in converting conic section to bspline.
ERROR:   DE#  3217, TYPE   104: Problem encountered in converting conic section to bspline.
ERROR:   DE#  3227, TYPE   104: Problem encountered in converting conic section to bspline.
ERROR:   DE#  3237, TYPE   104: Problem encountered in converting conic section to bspline.
ERROR:   DE#  3239, TYPE   104: Problem encountered in converting conic section to bspline.
ERROR:   DE#  3255, TYPE   104: Problem encountered in converting conic section to bspline.
ERROR:   DE#  3259, TYPE   104: Problem encountered in converting conic section to bspline.
ERROR:   DE#  3263, TYPE   104: Problem encountered in converting conic section to bspline.
ERROR:   DE#  3265, TYPE   104: Problem encountered in converting conic section to bspline.
ERROR:   DE#  3267, TYPE   104: Problem encountered in converting conic section to bspline.
ERROR:   DE#  3283, TYPE   104: Problem encountered in converting conic section to bspline.
ERROR:   DE#  3291, TYPE   104: Problem encountered in converting conic section to bspline.
ERROR:   DE#  3293, TYPE   104: Problem encountered in converting conic section to bspline.
ERROR:   DE#  3295, TYPE   104: Problem encountered in converting conic section to bspline.
ERROR:   DE#  3297, TYPE   104: Problem encountered in converting conic section to bspline.
ERROR:   DE#  3299, TYPE   104: Problem encountered in converting conic section to bspline.
ERROR:   DE#  3301, TYPE   104: Problem encountered in converting conic section to bspline.
ERROR:   DE#  3303, TYPE   104: Problem encountered in converting conic section to bspline.
ERROR:   DE#  3305, TYPE   104: Problem encountered in converting conic section to bspline.
ERROR:   DE#  3307, TYPE   104: Problem encountered in converting conic section to bspline.
ERROR:   DE#  3309, TYPE   104: Problem encountered in converting conic section to bspline.
ERROR:   DE#  3323, TYPE   104: Problem encountered in converting conic section to bspline.
ERROR:   DE#  3327, TYPE   104: Problem encountered in converting conic section to bspline.
ERROR:   DE#  3331, TYPE   104: Problem encountered in converting conic section to bspline.
ERROR:   DE#  3333, TYPE   104: Problem encountered in converting conic section to bspline.
ERROR:   DE#  3335, TYPE   104: Problem encountered in converting conic section to bspline.
ERROR:   DE#  3351, TYPE   104: Problem encountered in converting conic section to bspline.
ERROR:   DE#  3359, TYPE   104: Problem encountered in converting conic section to bspline.
ERROR:   DE#  3361, TYPE   104: Problem encountered in converting conic section to bspline.
ERROR:   DE#  3363, TYPE   104: Problem encountered in converting conic section to bspline.
ERROR:   DE#  3365, TYPE   104: Problem encountered in converting conic section to bspline.
ERROR:   DE#  3367, TYPE   104: Problem encountered in converting conic section to bspline.
ERROR:   DE#  3369, TYPE   104: Problem encountered in converting conic section to bspline.
ERROR:   DE#  3371, TYPE   104: Problem encountered in converting conic section to bspline.
ERROR:   DE#  3373, TYPE   104: Problem encountered in converting conic section to bspline.
ERROR:   DE#  3375, TYPE   104: Problem encountered in converting conic section to bspline.
ERROR:   DE#  3377, TYPE   104: Problem encountered in converting conic section to bspline.
ERROR:   DE#  3391, TYPE   104: Problem encountered in converting conic section to bspline.
ERROR:   DE#  3395, TYPE   104: Problem encountered in converting conic section to bspline.
ERROR:   DE#  3399, TYPE   104: Problem encountered in converting conic section to bspline.
ERROR:   DE#  3401, TYPE   104: Problem encountered in converting conic section to bspline.
ERROR:   DE#  3403, TYPE   104: Problem encountered in converting conic section to bspline.
ERROR:   DE#  3419, TYPE   104: Problem encountered in converting conic section to bspline.
ERROR:   DE#  3427, TYPE   104: Problem encountered in converting conic section to bspline.
ERROR:   DE#  3429, TYPE   104: Problem encountered in converting conic section to bspline.
ERROR:   DE#  3431, TYPE   104: Problem encountered in converting conic section to bspline.
ERROR:   DE#  3433, TYPE   104: Problem encountered in converting conic section to bspline.
ERROR:   DE#  3435, TYPE   104: Problem encountered in converting conic section to bspline.
ERROR:   DE#  3437, TYPE   104: Problem encountered in converting conic section to bspline.
ERROR:   DE#  3439, TYPE   104: Problem encountered in converting conic section to bspline.
ERROR:   DE#  3441, TYPE   104: Problem encountered in converting conic section to bspline.
ERROR:   DE#  3443, TYPE   104: Problem encountered in converting conic section to bspline.
ERROR:   DE#  3445, TYPE   104: Problem encountered in converting conic section to bspline.
ERROR:   DE#  3457, TYPE   104: Problem encountered in converting conic section to bspline.
ERROR:   DE#  3461, TYPE   104: Problem encountered in converting conic section to bspline.
ERROR:   DE#  3465, TYPE   104: Problem encountered in converting conic section to bspline.
ERROR:   DE#  3467, TYPE   104: Problem encountered in converting conic section to bspline.
ERROR:   DE#  3481, TYPE   104: Problem encountered in converting conic section to bspline.
ERROR:   DE#  3489, TYPE   104: Problem encountered in converting conic section to bspline.
ERROR:   DE#  3491, TYPE   104: Problem encountered in converting conic section to bspline.
ERROR:   DE#  3493, TYPE   104: Problem encountered in converting conic section to bspline.
ERROR:   DE#  3495, TYPE   104: Problem encountered in converting conic section to bspline.
ERROR:   DE#  3497, TYPE   104: Problem encountered in converting conic section to bspline.
ERROR:   DE#  3499, TYPE   104: Problem encountered in converting conic section to bspline.
ERROR:   DE#  3501, TYPE   104: Problem encountered in converting conic section to bspline.
ERROR:   DE#  3503, TYPE   104: Problem encountered in converting conic section to bspline.
ERROR:   DE#  3517, TYPE   104: Problem encountered in converting conic section to bspline.
ERROR:   DE#  3521, TYPE   104: Problem encountered in converting conic section to bspline.
ERROR:   DE#  3523, TYPE   104: Problem encountered in converting conic section to bspline.
ERROR:   DE#  3525, TYPE   104: Problem encountered in converting conic section to bspline.
ERROR:   DE#  3539, TYPE   104: Problem encountered in converting conic section to bspline.
ERROR:   DE#  3547, TYPE   104: Problem encountered in converting conic section to bspline.
ERROR:   DE#  3549, TYPE   104: Problem encountered in converting conic section to bspline.
ERROR:   DE#  3551, TYPE   104: Problem encountered in converting conic section to bspline.
ERROR:   DE#  3553, TYPE   104: Problem encountered in converting conic section to bspline.
ERROR:   DE#  3555, TYPE   104: Problem encountered in converting conic section to bspline.
ERROR:   DE#  3557, TYPE   104: Problem encountered in converting conic section to bspline.
ERROR:   DE#  3559, TYPE   104: Problem encountered in converting conic section to bspline.
ERROR:   DE#  3561, TYPE   104: Problem encountered in converting conic section to bspline.
ERROR:   DE#  3577, TYPE   104: Problem encountered in converting conic section to bspline.
ERROR:   DE#  3581, TYPE   104: Problem encountered in converting conic section to bspline.
ERROR:   DE#  3583, TYPE   104: Problem encountered in converting conic section to bspline.
ERROR:   DE#  3585, TYPE   104: Problem encountered in converting conic section to bspline.
ERROR:   DE#  3587, TYPE   104: Problem encountered in converting conic section to bspline.
ERROR:   DE#  3603, TYPE   104: Problem encountered in converting conic section to bspline.
ERROR:   DE#  3611, TYPE   104: Problem encountered in converting conic section to bspline.
ERROR:   DE#  3613, TYPE   104: Problem encountered in converting conic section to bspline.
ERROR:   DE#  3615, TYPE   104: Problem encountered in converting conic section to bspline.
ERROR:   DE#  3617, TYPE   104: Problem encountered in converting conic section to bspline.
ERROR:   DE#  3619, TYPE   104: Problem encountered in converting conic section to bspline.
ERROR:   DE#  3621, TYPE   104: Problem encountered in converting conic section to bspline.
ERROR:   DE#  3623, TYPE   104: Problem encountered in converting conic section to bspline.
ERROR:   DE#  3625, TYPE   104: Problem encountered in converting conic section to bspline.
ERROR:   DE#  3627, TYPE   104: Problem encountered in converting conic section to bspline.
ERROR:   DE#  3629, TYPE   104: Problem encountered in converting conic section to bspline.
ERROR:   DE#  3771, TYPE   104: Problem encountered in converting conic section to bspline.
ERROR:   DE#  3775, TYPE   104: Problem encountered in converting conic section to bspline.
ERROR:   DE#  3779, TYPE   104: Problem encountered in converting conic section to bspline.
ERROR:   DE#  3783, TYPE   104: Problem encountered in converting conic section to bspline.
ERROR:   DE#  3787, TYPE   104: Problem encountered in converting conic section to bspline.
ERROR:   DE#  3791, TYPE   104: Problem encountered in converting conic section to bspline.
ERROR:   DE#  3795, TYPE   104: Problem encountered in converting conic section to bspline.
ERROR:   DE#  3803, TYPE   104: Problem encountered in converting conic section to bspline.
ERROR:   DE#  3807, TYPE   104: Problem encountered in converting conic section to bspline.
ERROR:   DE#  3809, TYPE   104: Problem encountered in converting conic section to bspline.
ERROR:   DE#  3817, TYPE   104: Problem encountered in converting conic section to bspline.
ERROR:   DE#  3821, TYPE   104: Problem encountered in converting conic section to bspline.
ERROR:   DE#  3827, TYPE   104: Problem encountered in converting conic section to bspline.
ERROR:   DE#  3829, TYPE   104: Problem encountered in converting conic section to bspline.
ERROR:   DE#  3837, TYPE   104: Problem encountered in converting conic section to bspline.
ERROR:   DE#  3841, TYPE   104: Problem encountered in converting conic section to bspline.
ERROR:   DE#  3935, TYPE   104: Problem encountered in converting conic section to bspline.
ERROR:   DE#  3937, TYPE   104: Problem encountered in converting conic section to bspline.
ERROR:   DE#  3941, TYPE   104: Problem encountered in converting conic section to bspline.
ERROR:   DE#  3945, TYPE   104: Problem encountered in converting conic section to bspline.
ERROR:   DE#  3953, TYPE   104: Problem encountered in converting conic section to bspline.
ERROR:   DE#  3957, TYPE   104: Problem encountered in converting conic section to bspline.


=================================================================
Precision analysis of IGES file:
=================================================================
  Most prevalent number of significant digits:              14
  Highest number of significant digits:                     14
  Average number of significant digits:                13.8877
  Maximum distance to origin:                          233.638
  Minimum distance to origin:                         0.509309
  Effective number of significant digits:              13.9981


=================================================================
Entity Summary
=================================================================
-----------------------------------------------------------------
Type Name                                         Count Converted
---- ----                                         ----- ---------
104  Conic arc                                      633         0
110  Line                                          1359      1359
126  Rational B-spline curve                         13        13
_________________________________________________________________


=================================================================
Result Summary
=================================================================
SolidWorks Feature Type                Count
-----------------------                -----
Solid feature(s)                       0
Surface feature(s)                     0
Curve/Sketch feature(s)                1372
--------------------------------------------
Start time: Thursday, March 26, 2015 13:48:36
Finish time: Thursday, March 26, 2015 13:48:48
Processing time: 0 days, 00 hours, 00 mins, 12 secs
